2025-02-04 21:44:39,897 - app - ERROR - Exception on /auth [GET]
Traceback (most recent call last):
  File "/Users/natalicutic/masterschols/AWS_grocery/tmp-venv/lib/python3.9/site-packages/flask/app.py", line 1473, in wsgi_app
    response = self.full_dispatch_request()
  File "/Users/natalicutic/masterschols/AWS_grocery/tmp-venv/lib/python3.9/site-packages/flask/app.py", line 882, in full_dispatch_request
    rv = self.handle_user_exception(e)
  File "/Users/natalicutic/masterschols/AWS_grocery/tmp-venv/lib/python3.9/site-packages/flask_cors/extension.py", line 176, in wrapped_function
    return cors_after_request(app.make_response(f(*args, **kwargs)))
  File "/Users/natalicutic/masterschols/AWS_grocery/tmp-venv/lib/python3.9/site-packages/flask/app.py", line 880, in full_dispatch_request
    rv = self.dispatch_request()
  File "/Users/natalicutic/masterschols/AWS_grocery/tmp-venv/lib/python3.9/site-packages/flask/app.py", line 865, in dispatch_request
    return self.ensure_sync(self.view_functions[rule.endpoint])(**view_args)  # type: ignore[no-any-return]
  File "/Users/natalicutic/masterschols/AWS_grocery/backend/app/__init__.py", line 73, in serve_react_app
    return render_template("index.html")
  File "/Users/natalicutic/masterschols/AWS_grocery/tmp-venv/lib/python3.9/site-packages/flask/templating.py", line 149, in render_template
    template = app.jinja_env.get_or_select_template(template_name_or_list)
  File "/Users/natalicutic/masterschols/AWS_grocery/tmp-venv/lib/python3.9/site-packages/jinja2/environment.py", line 1084, in get_or_select_template
    return self.get_template(template_name_or_list, parent, globals)
  File "/Users/natalicutic/masterschols/AWS_grocery/tmp-venv/lib/python3.9/site-packages/jinja2/environment.py", line 1013, in get_template
    return self._load_template(name, globals)
  File "/Users/natalicutic/masterschols/AWS_grocery/tmp-venv/lib/python3.9/site-packages/jinja2/environment.py", line 972, in _load_template
    template = self.loader.load(self, name, self.make_globals(globals))
  File "/Users/natalicutic/masterschols/AWS_grocery/tmp-venv/lib/python3.9/site-packages/jinja2/loaders.py", line 126, in load
    source, filename, uptodate = self.get_source(environment, name)
  File "/Users/natalicutic/masterschols/AWS_grocery/tmp-venv/lib/python3.9/site-packages/flask/templating.py", line 65, in get_source
    return self._get_source_fast(environment, template)
  File "/Users/natalicutic/masterschols/AWS_grocery/tmp-venv/lib/python3.9/site-packages/flask/templating.py", line 99, in _get_source_fast
    raise TemplateNotFound(template)
jinja2.exceptions.TemplateNotFound: index.html
2025-02-04 21:44:39,935 - app - ERROR - Exception on /favicon.ico [GET]
Traceback (most recent call last):
  File "/Users/natalicutic/masterschols/AWS_grocery/tmp-venv/lib/python3.9/site-packages/flask/app.py", line 1473, in wsgi_app
    response = self.full_dispatch_request()
  File "/Users/natalicutic/masterschols/AWS_grocery/tmp-venv/lib/python3.9/site-packages/flask/app.py", line 882, in full_dispatch_request
    rv = self.handle_user_exception(e)
  File "/Users/natalicutic/masterschols/AWS_grocery/tmp-venv/lib/python3.9/site-packages/flask_cors/extension.py", line 176, in wrapped_function
    return cors_after_request(app.make_response(f(*args, **kwargs)))
  File "/Users/natalicutic/masterschols/AWS_grocery/tmp-venv/lib/python3.9/site-packages/flask/app.py", line 880, in full_dispatch_request
    rv = self.dispatch_request()
  File "/Users/natalicutic/masterschols/AWS_grocery/tmp-venv/lib/python3.9/site-packages/flask/app.py", line 865, in dispatch_request
    return self.ensure_sync(self.view_functions[rule.endpoint])(**view_args)  # type: ignore[no-any-return]
  File "/Users/natalicutic/masterschols/AWS_grocery/backend/app/__init__.py", line 73, in serve_react_app
    return render_template("index.html")
  File "/Users/natalicutic/masterschols/AWS_grocery/tmp-venv/lib/python3.9/site-packages/flask/templating.py", line 149, in render_template
    template = app.jinja_env.get_or_select_template(template_name_or_list)
  File "/Users/natalicutic/masterschols/AWS_grocery/tmp-venv/lib/python3.9/site-packages/jinja2/environment.py", line 1084, in get_or_select_template
    return self.get_template(template_name_or_list, parent, globals)
  File "/Users/natalicutic/masterschols/AWS_grocery/tmp-venv/lib/python3.9/site-packages/jinja2/environment.py", line 1013, in get_template
    return self._load_template(name, globals)
  File "/Users/natalicutic/masterschols/AWS_grocery/tmp-venv/lib/python3.9/site-packages/jinja2/environment.py", line 972, in _load_template
    template = self.loader.load(self, name, self.make_globals(globals))
  File "/Users/natalicutic/masterschols/AWS_grocery/tmp-venv/lib/python3.9/site-packages/jinja2/loaders.py", line 126, in load
    source, filename, uptodate = self.get_source(environment, name)
  File "/Users/natalicutic/masterschols/AWS_grocery/tmp-venv/lib/python3.9/site-packages/flask/templating.py", line 65, in get_source
    return self._get_source_fast(environment, template)
  File "/Users/natalicutic/masterschols/AWS_grocery/tmp-venv/lib/python3.9/site-packages/flask/templating.py", line 99, in _get_source_fast
    raise TemplateNotFound(template)
jinja2.exceptions.TemplateNotFound: index.html
2025-02-04 21:44:41,620 - app - ERROR - Exception on /auth [GET]
Traceback (most recent call last):
  File "/Users/natalicutic/masterschols/AWS_grocery/tmp-venv/lib/python3.9/site-packages/flask/app.py", line 1473, in wsgi_app
    response = self.full_dispatch_request()
  File "/Users/natalicutic/masterschols/AWS_grocery/tmp-venv/lib/python3.9/site-packages/flask/app.py", line 882, in full_dispatch_request
    rv = self.handle_user_exception(e)
  File "/Users/natalicutic/masterschols/AWS_grocery/tmp-venv/lib/python3.9/site-packages/flask_cors/extension.py", line 176, in wrapped_function
    return cors_after_request(app.make_response(f(*args, **kwargs)))
  File "/Users/natalicutic/masterschols/AWS_grocery/tmp-venv/lib/python3.9/site-packages/flask/app.py", line 880, in full_dispatch_request
    rv = self.dispatch_request()
  File "/Users/natalicutic/masterschols/AWS_grocery/tmp-venv/lib/python3.9/site-packages/flask/app.py", line 865, in dispatch_request
    return self.ensure_sync(self.view_functions[rule.endpoint])(**view_args)  # type: ignore[no-any-return]
  File "/Users/natalicutic/masterschols/AWS_grocery/backend/app/__init__.py", line 73, in serve_react_app
    return render_template("index.html")
  File "/Users/natalicutic/masterschols/AWS_grocery/tmp-venv/lib/python3.9/site-packages/flask/templating.py", line 149, in render_template
    template = app.jinja_env.get_or_select_template(template_name_or_list)
  File "/Users/natalicutic/masterschols/AWS_grocery/tmp-venv/lib/python3.9/site-packages/jinja2/environment.py", line 1084, in get_or_select_template
    return self.get_template(template_name_or_list, parent, globals)
  File "/Users/natalicutic/masterschols/AWS_grocery/tmp-venv/lib/python3.9/site-packages/jinja2/environment.py", line 1013, in get_template
    return self._load_template(name, globals)
  File "/Users/natalicutic/masterschols/AWS_grocery/tmp-venv/lib/python3.9/site-packages/jinja2/environment.py", line 972, in _load_template
    template = self.loader.load(self, name, self.make_globals(globals))
  File "/Users/natalicutic/masterschols/AWS_grocery/tmp-venv/lib/python3.9/site-packages/jinja2/loaders.py", line 126, in load
    source, filename, uptodate = self.get_source(environment, name)
  File "/Users/natalicutic/masterschols/AWS_grocery/tmp-venv/lib/python3.9/site-packages/flask/templating.py", line 65, in get_source
    return self._get_source_fast(environment, template)
  File "/Users/natalicutic/masterschols/AWS_grocery/tmp-venv/lib/python3.9/site-packages/flask/templating.py", line 99, in _get_source_fast
    raise TemplateNotFound(template)
jinja2.exceptions.TemplateNotFound: index.html
2025-02-04 21:44:41,664 - app - ERROR - Exception on /favicon.ico [GET]
Traceback (most recent call last):
  File "/Users/natalicutic/masterschols/AWS_grocery/tmp-venv/lib/python3.9/site-packages/flask/app.py", line 1473, in wsgi_app
    response = self.full_dispatch_request()
  File "/Users/natalicutic/masterschols/AWS_grocery/tmp-venv/lib/python3.9/site-packages/flask/app.py", line 882, in full_dispatch_request
    rv = self.handle_user_exception(e)
  File "/Users/natalicutic/masterschols/AWS_grocery/tmp-venv/lib/python3.9/site-packages/flask_cors/extension.py", line 176, in wrapped_function
    return cors_after_request(app.make_response(f(*args, **kwargs)))
  File "/Users/natalicutic/masterschols/AWS_grocery/tmp-venv/lib/python3.9/site-packages/flask/app.py", line 880, in full_dispatch_request
    rv = self.dispatch_request()
  File "/Users/natalicutic/masterschols/AWS_grocery/tmp-venv/lib/python3.9/site-packages/flask/app.py", line 865, in dispatch_request
    return self.ensure_sync(self.view_functions[rule.endpoint])(**view_args)  # type: ignore[no-any-return]
  File "/Users/natalicutic/masterschols/AWS_grocery/backend/app/__init__.py", line 73, in serve_react_app
    return render_template("index.html")
  File "/Users/natalicutic/masterschols/AWS_grocery/tmp-venv/lib/python3.9/site-packages/flask/templating.py", line 149, in render_template
    template = app.jinja_env.get_or_select_template(template_name_or_list)
  File "/Users/natalicutic/masterschols/AWS_grocery/tmp-venv/lib/python3.9/site-packages/jinja2/environment.py", line 1084, in get_or_select_template
    return self.get_template(template_name_or_list, parent, globals)
  File "/Users/natalicutic/masterschols/AWS_grocery/tmp-venv/lib/python3.9/site-packages/jinja2/environment.py", line 1013, in get_template
    return self._load_template(name, globals)
  File "/Users/natalicutic/masterschols/AWS_grocery/tmp-venv/lib/python3.9/site-packages/jinja2/environment.py", line 972, in _load_template
    template = self.loader.load(self, name, self.make_globals(globals))
  File "/Users/natalicutic/masterschols/AWS_grocery/tmp-venv/lib/python3.9/site-packages/jinja2/loaders.py", line 126, in load
    source, filename, uptodate = self.get_source(environment, name)
  File "/Users/natalicutic/masterschols/AWS_grocery/tmp-venv/lib/python3.9/site-packages/flask/templating.py", line 65, in get_source
    return self._get_source_fast(environment, template)
  File "/Users/natalicutic/masterschols/AWS_grocery/tmp-venv/lib/python3.9/site-packages/flask/templating.py", line 99, in _get_source_fast
    raise TemplateNotFound(template)
jinja2.exceptions.TemplateNotFound: index.html
2025-02-04 21:46:02,692 - app - ERROR - Exception on /auth [GET]
Traceback (most recent call last):
  File "/Users/natalicutic/masterschols/AWS_grocery/tmp-venv/lib/python3.9/site-packages/flask/app.py", line 1473, in wsgi_app
    response = self.full_dispatch_request()
  File "/Users/natalicutic/masterschols/AWS_grocery/tmp-venv/lib/python3.9/site-packages/flask/app.py", line 882, in full_dispatch_request
    rv = self.handle_user_exception(e)
  File "/Users/natalicutic/masterschols/AWS_grocery/tmp-venv/lib/python3.9/site-packages/flask_cors/extension.py", line 176, in wrapped_function
    return cors_after_request(app.make_response(f(*args, **kwargs)))
  File "/Users/natalicutic/masterschols/AWS_grocery/tmp-venv/lib/python3.9/site-packages/flask/app.py", line 880, in full_dispatch_request
    rv = self.dispatch_request()
  File "/Users/natalicutic/masterschols/AWS_grocery/tmp-venv/lib/python3.9/site-packages/flask/app.py", line 865, in dispatch_request
    return self.ensure_sync(self.view_functions[rule.endpoint])(**view_args)  # type: ignore[no-any-return]
  File "/Users/natalicutic/masterschols/AWS_grocery/backend/app/__init__.py", line 73, in serve_react_app
    return render_template("index.html")
  File "/Users/natalicutic/masterschols/AWS_grocery/tmp-venv/lib/python3.9/site-packages/flask/templating.py", line 149, in render_template
    template = app.jinja_env.get_or_select_template(template_name_or_list)
  File "/Users/natalicutic/masterschols/AWS_grocery/tmp-venv/lib/python3.9/site-packages/jinja2/environment.py", line 1084, in get_or_select_template
    return self.get_template(template_name_or_list, parent, globals)
  File "/Users/natalicutic/masterschols/AWS_grocery/tmp-venv/lib/python3.9/site-packages/jinja2/environment.py", line 1013, in get_template
    return self._load_template(name, globals)
  File "/Users/natalicutic/masterschols/AWS_grocery/tmp-venv/lib/python3.9/site-packages/jinja2/environment.py", line 972, in _load_template
    template = self.loader.load(self, name, self.make_globals(globals))
  File "/Users/natalicutic/masterschols/AWS_grocery/tmp-venv/lib/python3.9/site-packages/jinja2/loaders.py", line 126, in load
    source, filename, uptodate = self.get_source(environment, name)
  File "/Users/natalicutic/masterschols/AWS_grocery/tmp-venv/lib/python3.9/site-packages/flask/templating.py", line 65, in get_source
    return self._get_source_fast(environment, template)
  File "/Users/natalicutic/masterschols/AWS_grocery/tmp-venv/lib/python3.9/site-packages/flask/templating.py", line 99, in _get_source_fast
    raise TemplateNotFound(template)
jinja2.exceptions.TemplateNotFound: index.html
2025-02-04 21:46:02,743 - app - ERROR - Exception on /favicon.ico [GET]
Traceback (most recent call last):
  File "/Users/natalicutic/masterschols/AWS_grocery/tmp-venv/lib/python3.9/site-packages/flask/app.py", line 1473, in wsgi_app
    response = self.full_dispatch_request()
  File "/Users/natalicutic/masterschols/AWS_grocery/tmp-venv/lib/python3.9/site-packages/flask/app.py", line 882, in full_dispatch_request
    rv = self.handle_user_exception(e)
  File "/Users/natalicutic/masterschols/AWS_grocery/tmp-venv/lib/python3.9/site-packages/flask_cors/extension.py", line 176, in wrapped_function
    return cors_after_request(app.make_response(f(*args, **kwargs)))
  File "/Users/natalicutic/masterschols/AWS_grocery/tmp-venv/lib/python3.9/site-packages/flask/app.py", line 880, in full_dispatch_request
    rv = self.dispatch_request()
  File "/Users/natalicutic/masterschols/AWS_grocery/tmp-venv/lib/python3.9/site-packages/flask/app.py", line 865, in dispatch_request
    return self.ensure_sync(self.view_functions[rule.endpoint])(**view_args)  # type: ignore[no-any-return]
  File "/Users/natalicutic/masterschols/AWS_grocery/backend/app/__init__.py", line 73, in serve_react_app
    return render_template("index.html")
  File "/Users/natalicutic/masterschols/AWS_grocery/tmp-venv/lib/python3.9/site-packages/flask/templating.py", line 149, in render_template
    template = app.jinja_env.get_or_select_template(template_name_or_list)
  File "/Users/natalicutic/masterschols/AWS_grocery/tmp-venv/lib/python3.9/site-packages/jinja2/environment.py", line 1084, in get_or_select_template
    return self.get_template(template_name_or_list, parent, globals)
  File "/Users/natalicutic/masterschols/AWS_grocery/tmp-venv/lib/python3.9/site-packages/jinja2/environment.py", line 1013, in get_template
    return self._load_template(name, globals)
  File "/Users/natalicutic/masterschols/AWS_grocery/tmp-venv/lib/python3.9/site-packages/jinja2/environment.py", line 972, in _load_template
    template = self.loader.load(self, name, self.make_globals(globals))
  File "/Users/natalicutic/masterschols/AWS_grocery/tmp-venv/lib/python3.9/site-packages/jinja2/loaders.py", line 126, in load
    source, filename, uptodate = self.get_source(environment, name)
  File "/Users/natalicutic/masterschols/AWS_grocery/tmp-venv/lib/python3.9/site-packages/flask/templating.py", line 65, in get_source
    return self._get_source_fast(environment, template)
  File "/Users/natalicutic/masterschols/AWS_grocery/tmp-venv/lib/python3.9/site-packages/flask/templating.py", line 99, in _get_source_fast
    raise TemplateNotFound(template)
jinja2.exceptions.TemplateNotFound: index.html
2025-02-04 22:03:53,067 - app - ERROR - Exception on / [GET]
Traceback (most recent call last):
  File "/Users/natalicutic/masterschols/AWS_grocery/tmp-venv/lib/python3.9/site-packages/flask/app.py", line 1473, in wsgi_app
    response = self.full_dispatch_request()
  File "/Users/natalicutic/masterschols/AWS_grocery/tmp-venv/lib/python3.9/site-packages/flask/app.py", line 882, in full_dispatch_request
    rv = self.handle_user_exception(e)
  File "/Users/natalicutic/masterschols/AWS_grocery/tmp-venv/lib/python3.9/site-packages/flask_cors/extension.py", line 176, in wrapped_function
    return cors_after_request(app.make_response(f(*args, **kwargs)))
  File "/Users/natalicutic/masterschols/AWS_grocery/tmp-venv/lib/python3.9/site-packages/flask/app.py", line 880, in full_dispatch_request
    rv = self.dispatch_request()
  File "/Users/natalicutic/masterschols/AWS_grocery/tmp-venv/lib/python3.9/site-packages/flask/app.py", line 865, in dispatch_request
    return self.ensure_sync(self.view_functions[rule.endpoint])(**view_args)  # type: ignore[no-any-return]
  File "/Users/natalicutic/masterschols/AWS_grocery/backend/app/__init__.py", line 73, in serve_react_app
  File "/Users/natalicutic/masterschols/AWS_grocery/tmp-venv/lib/python3.9/site-packages/flask/templating.py", line 149, in render_template
    template = app.jinja_env.get_or_select_template(template_name_or_list)
  File "/Users/natalicutic/masterschols/AWS_grocery/tmp-venv/lib/python3.9/site-packages/jinja2/environment.py", line 1084, in get_or_select_template
    return self.get_template(template_name_or_list, parent, globals)
  File "/Users/natalicutic/masterschols/AWS_grocery/tmp-venv/lib/python3.9/site-packages/jinja2/environment.py", line 1013, in get_template
    return self._load_template(name, globals)
  File "/Users/natalicutic/masterschols/AWS_grocery/tmp-venv/lib/python3.9/site-packages/jinja2/environment.py", line 972, in _load_template
    template = self.loader.load(self, name, self.make_globals(globals))
  File "/Users/natalicutic/masterschols/AWS_grocery/tmp-venv/lib/python3.9/site-packages/jinja2/loaders.py", line 126, in load
    source, filename, uptodate = self.get_source(environment, name)
  File "/Users/natalicutic/masterschols/AWS_grocery/tmp-venv/lib/python3.9/site-packages/flask/templating.py", line 65, in get_source
    return self._get_source_fast(environment, template)
  File "/Users/natalicutic/masterschols/AWS_grocery/tmp-venv/lib/python3.9/site-packages/flask/templating.py", line 99, in _get_source_fast
    raise TemplateNotFound(template)
jinja2.exceptions.TemplateNotFound: index.html
2025-02-04 22:03:53,119 - app - ERROR - Exception on /favicon.ico [GET]
Traceback (most recent call last):
  File "/Users/natalicutic/masterschols/AWS_grocery/tmp-venv/lib/python3.9/site-packages/flask/app.py", line 1473, in wsgi_app
    response = self.full_dispatch_request()
  File "/Users/natalicutic/masterschols/AWS_grocery/tmp-venv/lib/python3.9/site-packages/flask/app.py", line 882, in full_dispatch_request
    rv = self.handle_user_exception(e)
  File "/Users/natalicutic/masterschols/AWS_grocery/tmp-venv/lib/python3.9/site-packages/flask_cors/extension.py", line 176, in wrapped_function
    return cors_after_request(app.make_response(f(*args, **kwargs)))
  File "/Users/natalicutic/masterschols/AWS_grocery/tmp-venv/lib/python3.9/site-packages/flask/app.py", line 880, in full_dispatch_request
    rv = self.dispatch_request()
  File "/Users/natalicutic/masterschols/AWS_grocery/tmp-venv/lib/python3.9/site-packages/flask/app.py", line 865, in dispatch_request
    return self.ensure_sync(self.view_functions[rule.endpoint])(**view_args)  # type: ignore[no-any-return]
  File "/Users/natalicutic/masterschols/AWS_grocery/backend/app/__init__.py", line 73, in serve_react_app
  File "/Users/natalicutic/masterschols/AWS_grocery/tmp-venv/lib/python3.9/site-packages/flask/templating.py", line 149, in render_template
    template = app.jinja_env.get_or_select_template(template_name_or_list)
  File "/Users/natalicutic/masterschols/AWS_grocery/tmp-venv/lib/python3.9/site-packages/jinja2/environment.py", line 1084, in get_or_select_template
    return self.get_template(template_name_or_list, parent, globals)
  File "/Users/natalicutic/masterschols/AWS_grocery/tmp-venv/lib/python3.9/site-packages/jinja2/environment.py", line 1013, in get_template
    return self._load_template(name, globals)
  File "/Users/natalicutic/masterschols/AWS_grocery/tmp-venv/lib/python3.9/site-packages/jinja2/environment.py", line 972, in _load_template
    template = self.loader.load(self, name, self.make_globals(globals))
  File "/Users/natalicutic/masterschols/AWS_grocery/tmp-venv/lib/python3.9/site-packages/jinja2/loaders.py", line 126, in load
    source, filename, uptodate = self.get_source(environment, name)
  File "/Users/natalicutic/masterschols/AWS_grocery/tmp-venv/lib/python3.9/site-packages/flask/templating.py", line 65, in get_source
    return self._get_source_fast(environment, template)
  File "/Users/natalicutic/masterschols/AWS_grocery/tmp-venv/lib/python3.9/site-packages/flask/templating.py", line 99, in _get_source_fast
    raise TemplateNotFound(template)
jinja2.exceptions.TemplateNotFound: index.html
